// Vitest Snapshot v1, https://vitest.dev/guide/snapshot.html

exports[`snapshot tests > renders back button correctly 1`] = `
<button
  className="ant-btn css-dev-only-do-not-override-1b0bdye ant-btn-default _button_7912fd"
  disabled={false}
  onClick={[Function]}
  style={{}}
  type="button"
>
  <span>
    Back
  </span>
</button>
`;

exports[`snapshot tests > renders header correctly 1`] = `
<header
  className="ant-layout-header css-dev-only-do-not-override-1b0bdye"
/>
`;

exports[`snapshot tests > renders navbar correctly 1`] = `
<div
  className="_navbar_c18934"
>
  <button
    className="_navbar__header__button_c18934"
    onClick={[Function]}
  >
    <span
      aria-label="left"
      className="anticon anticon-left"
      role="img"
      style={
        {
          "fontSize": "24px",
        }
      }
    >
      <svg
        aria-hidden="true"
        data-icon="left"
        fill="currentColor"
        focusable="false"
        height="1em"
        viewBox="64 64 896 896"
        width="1em"
      >
        <path
          d="M724 218.3V141c0-6.7-7.7-10.4-12.9-6.3L260.3 486.8a31.86 31.86 0 000 50.3l450.8 352.1c5.3 4.1 12.9.4 12.9-6.3v-77.3c0-4.9-2.3-9.6-6.1-12.6l-360-281 360-281.1c3.8-3 6.1-7.7 6.1-12.6z"
        />
      </svg>
    </span>
  </button>
  <div
    className=""
  >
    <div
      className="_navbar__header_c18934"
    >
      <h3
        className="_navbar__header__title_c18934"
      >
        Filters
      </h3>
    </div>
    <div
      className="ant-form-item css-dev-only-do-not-override-1b0bdye"
    >
      <div
        className="ant-row ant-form-item-row css-dev-only-do-not-override-1b0bdye"
        style={
          {
            "rowGap": undefined,
          }
        }
      >
        <div
          className="ant-col ant-form-item-label css-dev-only-do-not-override-1b0bdye"
          style={{}}
        >
          <label
            className=""
            title="Name"
          >
            Name
          </label>
        </div>
        <div
          className="ant-col ant-form-item-control css-dev-only-do-not-override-1b0bdye"
          style={{}}
        >
          <div
            className="ant-form-item-control-input"
          >
            <div
              className="ant-form-item-control-input-content"
            >
              <input
                aria-label="name-input"
                className="ant-input css-dev-only-do-not-override-1b0bdye ant-input-outlined"
                disabled={false}
                onBlur={[Function]}
                onChange={[Function]}
                onCompositionEnd={[Function]}
                onCompositionStart={[Function]}
                onFocus={[Function]}
                onKeyDown={[Function]}
                placeholder="Name"
                style={{}}
                type="text"
                value=""
              />
            </div>
          </div>
        </div>
      </div>
    </div>
    <div
      className="ant-form-item css-dev-only-do-not-override-1b0bdye"
    >
      <div
        className="ant-row ant-form-item-row css-dev-only-do-not-override-1b0bdye"
        style={
          {
            "rowGap": undefined,
          }
        }
      >
        <div
          className="ant-col ant-form-item-label css-dev-only-do-not-override-1b0bdye"
          style={{}}
        >
          <label
            className=""
            title="Followers count from"
          >
            Followers count from
          </label>
        </div>
        <div
          className="ant-col ant-form-item-control css-dev-only-do-not-override-1b0bdye"
          style={{}}
        >
          <div
            className="ant-form-item-control-input"
          >
            <div
              className="ant-form-item-control-input-content"
            >
              <input
                aria-label="followers-input"
                className="ant-input css-dev-only-do-not-override-1b0bdye ant-input-outlined"
                disabled={false}
                onBlur={[Function]}
                onChange={[Function]}
                onCompositionEnd={[Function]}
                onCompositionStart={[Function]}
                onFocus={[Function]}
                onKeyDown={[Function]}
                placeholder="Followers count from"
                style={{}}
                type="number"
                value="0"
              />
            </div>
          </div>
        </div>
      </div>
    </div>
    <div
      className="ant-form-item css-dev-only-do-not-override-1b0bdye"
    >
      <div
        className="ant-row ant-form-item-row css-dev-only-do-not-override-1b0bdye"
        style={
          {
            "rowGap": undefined,
          }
        }
      >
        <div
          className="ant-col ant-form-item-label css-dev-only-do-not-override-1b0bdye"
          style={{}}
        >
          <label
            className=""
            title="Created by"
          >
            Created by
          </label>
        </div>
        <div
          className="ant-col ant-form-item-control css-dev-only-do-not-override-1b0bdye"
          style={{}}
        >
          <div
            className="ant-form-item-control-input"
          >
            <div
              className="ant-form-item-control-input-content"
            >
              <input
                aria-label="date-input"
                className="ant-input css-dev-only-do-not-override-1b0bdye ant-input-outlined"
                disabled={false}
                onBlur={[Function]}
                onChange={[Function]}
                onCompositionEnd={[Function]}
                onCompositionStart={[Function]}
                onFocus={[Function]}
                onKeyDown={[Function]}
                placeholder="Created by"
                style={{}}
                type="date"
                value=""
              />
            </div>
          </div>
        </div>
      </div>
    </div>
    <button
      className="ant-btn css-dev-only-do-not-override-1b0bdye ant-btn-default"
      disabled={false}
      onClick={[Function]}
      style={{}}
      type="button"
    >
      <span>
        Найти
      </span>
    </button>
  </div>
</div>
`;

exports[`snapshot tests > renders not found page correctly 1`] = `"not found"`;

exports[`snapshot tests > renders user page correctly 1`] = `
<div
  className="_loader_5b016b"
>
  <img
    alt="loader"
    src="/src/assets/loader.webp"
  />
</div>
`;
